#-----------------------------------------------------------
# Vivado v2016.4 (64-bit)
# SW Build 1733598 on Wed Dec 14 22:35:39 MST 2016
# IP Build 1731160 on Wed Dec 14 23:47:21 MST 2016
# Start of session at: Wed Dec 13 14:06:43 2017
# Process ID: 1016
# Current directory: E:/Vivado/TinyCPU_newarch/src
# Command line: vivado.exe -gui_launcher_event rodinguilauncherevent392 E:\Vivado\TinyCPU_newarch\src\TinyCPU.xpr
# Log file: E:/Vivado/TinyCPU_newarch/src/vivado.log
# Journal file: E:/Vivado/TinyCPU_newarch/src\vivado.jou
#-----------------------------------------------------------
start_gui
open_project E:/Vivado/TinyCPU_newarch/src/TinyCPU.xpr
launch_simulation
launch_simulation
open_wave_config E:/Vivado/TinyCPU_newarch/src/config/CPU_test_behav.wcfg
source CPU_test.tcl
run 2 us
close_sim
launch_simulation
open_wave_config E:/Vivado/TinyCPU_newarch/src/config/CPU_test_behav.wcfg
source CPU_test.tcl
run 2 us
add_wave {{/CPU_test/cpu/serial/rx_FIFO}} 
add_wave {{/CPU_test/cpu/serial/tx_FIFO}} 
restart
run 2 us
close_sim
launch_simulation
open_wave_config E:/Vivado/TinyCPU_newarch/src/config/CPU_test_behav.wcfg
source CPU_test.tcl
run 2 us
run 2 us
add_wave {{/CPU_test/cpu/serial/rx_FIFO}} 
add_wave {{/CPU_test/cpu/serial/tx_FIFO}} 
restart
run 10 us
close_sim
launch_simulation
open_wave_config E:/Vivado/TinyCPU_newarch/src/config/CPU_test_behav.wcfg
source CPU_test.tcl
run 10 us
close_sim
launch_simulation
open_wave_config E:/Vivado/TinyCPU_newarch/src/config/CPU_test_behav.wcfg
source CPU_test.tcl
run 10 us
close_sim
launch_simulation
open_wave_config E:/Vivado/TinyCPU_newarch/src/config/CPU_test_behav.wcfg
source CPU_test.tcl
run 10 us
close_sim
